Report time       : Mon Jan 25 10:07:00     2021.
Solution          : solution1.

+----------+----------+-----------------------------------------------+-----------------------------------------------+
|          |          |                    Latency                    |                    Interval                   |
+   RTL    +  Status  +-----------------------------------------------+-----------------------------------------------+
|          |          |      min      |      avg      |      max      |      min      |      avg      |      max      |
+----------+----------+-----------------------------------------------+-----------------------------------------------+
|      VHDL|        NA|             NA|             NA|             NA|             NA|             NA|             NA|
|   Verilog|      Fail|             61|             61|             61|              0|              0|              0|
+----------+----------+-----------------------------------------------+-----------------------------------------------+
