

================================================================
== Vivado HLS Report for 'pattern_generator_cross'
================================================================
* Date:           Fri Feb 12 12:18:52 2021

* Version:        2019.1 (Build 2552052 on Fri May 24 15:28:33 MDT 2019)
* Project:        PATTERN_GENERATOR_CROSS
* Solution:       Zynq
* Product family: zynq
* Target device:  xc7z020-clg484-1


================================================================
== Performance Estimates
================================================================
+ Timing (ns): 
    * Summary: 
    +--------+-------+----------+------------+
    |  Clock | Target| Estimated| Uncertainty|
    +--------+-------+----------+------------+
    |ap_clk  |  10.00|     3.451|        1.25|
    +--------+-------+----------+------------+

+ Latency (clock cycles): 
    * Summary: 
    +--------+--------+--------+--------+---------+
    |     Latency     |     Interval    | Pipeline|
    |   min  |   max  |   min  |   max  |   Type  |
    +--------+--------+--------+--------+---------+
    |  735423|  735423|  735423|  735423|   none  |
    +--------+--------+--------+--------+---------+

    + Detail: 
        * Instance: 
        N/A

        * Loop: 
        +-------------+--------+--------+----------+-----------+-----------+------+----------+
        |             |     Latency     | Iteration|  Initiation Interval  | Trip |          |
        |  Loop Name  |   min  |   max  |  Latency |  achieved |   target  | Count| Pipelined|
        +-------------+--------+--------+----------+-----------+-----------+------+----------+
        |- Loop 1     |  735420|  735420|      1442|          -|          -|   510|    no    |
        | + Loop 1.1  |    1440|    1440|         2|          -|          -|   720|    no    |
        +-------------+--------+--------+----------+-----------+-----------+------+----------+

============================================================
+ Verbose Summary: Synthesis Manager
============================================================
InlineROM: 1
ExposeGlobal: 0
============================================================
+ Verbose Summary: CDFG Model
============================================================
IsTopModel: 1
ResetActiveHigh: 1
IsCombinational: 0
IsDatapathOnly: 0
HasWiredReturn: 1
HasMFsm: 0
HasVarLatency: 1
IsPipeline: 0
IsRtlPipelined: 0
IsInstanceOverlapped: 0
IsDontTouch: 0
HasImplIP: 0
IsGatedGlobalClock: 0


============================================================
+ Verbose Summary: Schedule
============================================================
* Number of FSM states : 6
* Pipeline : 0
* Dataflow Pipeline: 0

* FSM state transitions: 
1 --> 2 
2 --> 3 5 
3 --> 4 2 
4 --> 3 
5 --> 6 
6 --> 

* FSM state operations: 

State 1 <SV = 0> <Delay = 1.76>
ST_1 : Operation 7 [1/1] (0.00ns)   --->   "call void (...)* @_ssdm_op_SpecBitsMap(i8* %outputStream_V), !map !10"   --->   Operation 7 'specbitsmap' <Predicate = true> <Delay = 0.00>
ST_1 : Operation 8 [1/1] (0.00ns)   --->   "call void (...)* @_ssdm_op_SpecTopModule([24 x i8]* @pattern_generator_cr) nounwind"   --->   Operation 8 'spectopmodule' <Predicate = true> <Delay = 0.00>
ST_1 : Operation 9 [1/1] (0.00ns)   --->   "call void (...)* @_ssdm_op_SpecInterface(i32 0, [13 x i8]* @p_str, i32 0, i32 0, [1 x i8]* @p_str1, i32 0, i32 0, [1 x i8]* @p_str1, [1 x i8]* @p_str1, [1 x i8]* @p_str1, i32 0, i32 0, i32 0, i32 0, [1 x i8]* @p_str1, [1 x i8]* @p_str1) nounwind" [PATTERN_GENERATOR_CROSS/pattern_generator.cpp:16]   --->   Operation 9 'specinterface' <Predicate = true> <Delay = 0.00>
ST_1 : Operation 10 [1/1] (0.00ns)   --->   "call void (...)* @_ssdm_op_SpecInterface(i8* %outputStream_V, [5 x i8]* @p_str2, i32 1, i32 1, [5 x i8]* @p_str3, i32 0, i32 0, [1 x i8]* @p_str1, [1 x i8]* @p_str1, [1 x i8]* @p_str1, i32 0, i32 0, i32 0, i32 0, [1 x i8]* @p_str1, [1 x i8]* @p_str1) nounwind" [PATTERN_GENERATOR_CROSS/pattern_generator.cpp:17]   --->   Operation 10 'specinterface' <Predicate = true> <Delay = 0.00>
ST_1 : Operation 11 [1/1] (0.00ns)   --->   "call void (...)* @_ssdm_op_SpecReset(i32* @lineX, i32 1, [1 x i8]* @p_str1) nounwind" [PATTERN_GENERATOR_CROSS/pattern_generator.cpp:25]   --->   Operation 11 'specreset' <Predicate = true> <Delay = 0.00>
ST_1 : Operation 12 [1/1] (0.00ns)   --->   "call void (...)* @_ssdm_op_SpecReset(i1* @dirX, i32 1, [1 x i8]* @p_str1) nounwind" [PATTERN_GENERATOR_CROSS/pattern_generator.cpp:26]   --->   Operation 12 'specreset' <Predicate = true> <Delay = 0.00>
ST_1 : Operation 13 [1/1] (0.00ns)   --->   "call void (...)* @_ssdm_op_SpecReset(i32* @lineY, i32 1, [1 x i8]* @p_str1) nounwind" [PATTERN_GENERATOR_CROSS/pattern_generator.cpp:27]   --->   Operation 13 'specreset' <Predicate = true> <Delay = 0.00>
ST_1 : Operation 14 [1/1] (0.00ns)   --->   "call void (...)* @_ssdm_op_SpecReset(i1* @dirY, i32 1, [1 x i8]* @p_str1) nounwind" [PATTERN_GENERATOR_CROSS/pattern_generator.cpp:28]   --->   Operation 14 'specreset' <Predicate = true> <Delay = 0.00>
ST_1 : Operation 15 [1/1] (0.00ns)   --->   "%lineX_load = load i32* @lineX, align 4" [PATTERN_GENERATOR_CROSS/pattern_generator.cpp:35]   --->   Operation 15 'load' 'lineX_load' <Predicate = true> <Delay = 0.00>
ST_1 : Operation 16 [1/1] (0.00ns)   --->   "%lineY_load = load i32* @lineY, align 4" [PATTERN_GENERATOR_CROSS/pattern_generator.cpp:35]   --->   Operation 16 'load' 'lineY_load' <Predicate = true> <Delay = 0.00>
ST_1 : Operation 17 [1/1] (1.76ns)   --->   "br label %.loopexit" [PATTERN_GENERATOR_CROSS/pattern_generator.cpp:30]   --->   Operation 17 'br' <Predicate = true> <Delay = 1.76>

State 2 <SV = 1> <Delay = 2.47>
ST_2 : Operation 18 [1/1] (0.00ns)   --->   "%y_0 = phi i9 [ 0, %0 ], [ %y, %.loopexit.loopexit ]"   --->   Operation 18 'phi' 'y_0' <Predicate = true> <Delay = 0.00>
ST_2 : Operation 19 [1/1] (0.00ns)   --->   "%zext_ln30 = zext i9 %y_0 to i32" [PATTERN_GENERATOR_CROSS/pattern_generator.cpp:30]   --->   Operation 19 'zext' 'zext_ln30' <Predicate = true> <Delay = 0.00>
ST_2 : Operation 20 [1/1] (1.66ns)   --->   "%icmp_ln30 = icmp eq i9 %y_0, -2" [PATTERN_GENERATOR_CROSS/pattern_generator.cpp:30]   --->   Operation 20 'icmp' 'icmp_ln30' <Predicate = true> <Delay = 1.66> <Core = "Cmp">   --->   Core 25 'Cmp' <Latency = 0> <II = 1> <Delay = 2.47> <FuncUnit> <Opcode : 'icmp'> <InPorts = 2> <OutPorts = 1>
ST_2 : Operation 21 [1/1] (0.00ns)   --->   "%empty = call i32 (...)* @_ssdm_op_SpecLoopTripCount(i64 510, i64 510, i64 510)"   --->   Operation 21 'speclooptripcount' 'empty' <Predicate = true> <Delay = 0.00>
ST_2 : Operation 22 [1/1] (1.82ns)   --->   "%y = add i9 %y_0, 1" [PATTERN_GENERATOR_CROSS/pattern_generator.cpp:30]   --->   Operation 22 'add' 'y' <Predicate = true> <Delay = 1.82> <Core = "AddSub">   --->   Core 14 'AddSub' <Latency = 0> <II = 1> <Delay = 2.55> <FuncUnit> <Opcode : 'add' 'sub'> <InPorts = 2> <OutPorts = 1>
ST_2 : Operation 23 [1/1] (0.00ns)   --->   "br i1 %icmp_ln30, label %6, label %.preheader.preheader" [PATTERN_GENERATOR_CROSS/pattern_generator.cpp:30]   --->   Operation 23 'br' <Predicate = true> <Delay = 0.00>
ST_2 : Operation 24 [1/1] (1.66ns)   --->   "%icmp_ln33 = icmp ult i9 %y_0, -32" [PATTERN_GENERATOR_CROSS/pattern_generator.cpp:33]   --->   Operation 24 'icmp' 'icmp_ln33' <Predicate = (!icmp_ln30)> <Delay = 1.66> <Core = "Cmp">   --->   Core 25 'Cmp' <Latency = 0> <II = 1> <Delay = 2.47> <FuncUnit> <Opcode : 'icmp'> <InPorts = 2> <OutPorts = 1>
ST_2 : Operation 25 [1/1] (2.47ns)   --->   "%icmp_ln35_1 = icmp eq i32 %zext_ln30, %lineY_load" [PATTERN_GENERATOR_CROSS/pattern_generator.cpp:35]   --->   Operation 25 'icmp' 'icmp_ln35_1' <Predicate = (!icmp_ln30)> <Delay = 2.47> <Core = "Cmp">   --->   Core 25 'Cmp' <Latency = 0> <II = 1> <Delay = 2.47> <FuncUnit> <Opcode : 'icmp'> <InPorts = 2> <OutPorts = 1>
ST_2 : Operation 26 [1/1] (1.76ns)   --->   "br label %.preheader" [PATTERN_GENERATOR_CROSS/pattern_generator.cpp:31]   --->   Operation 26 'br' <Predicate = (!icmp_ln30)> <Delay = 1.76>
ST_2 : Operation 27 [1/1] (2.47ns)   --->   "%icmp_ln44 = icmp eq i32 %lineX_load, 0" [PATTERN_GENERATOR_CROSS/pattern_generator.cpp:44]   --->   Operation 27 'icmp' 'icmp_ln44' <Predicate = (icmp_ln30)> <Delay = 2.47> <Core = "Cmp">   --->   Core 25 'Cmp' <Latency = 0> <II = 1> <Delay = 2.47> <FuncUnit> <Opcode : 'icmp'> <InPorts = 2> <OutPorts = 1>
ST_2 : Operation 28 [1/1] (0.00ns)   --->   "br i1 %icmp_ln44, label %7, label %8" [PATTERN_GENERATOR_CROSS/pattern_generator.cpp:44]   --->   Operation 28 'br' <Predicate = (icmp_ln30)> <Delay = 0.00>
ST_2 : Operation 29 [1/1] (2.47ns)   --->   "%icmp_ln46 = icmp eq i32 %lineX_load, 639" [PATTERN_GENERATOR_CROSS/pattern_generator.cpp:46]   --->   Operation 29 'icmp' 'icmp_ln46' <Predicate = (icmp_ln30 & !icmp_ln44)> <Delay = 2.47> <Core = "Cmp">   --->   Core 25 'Cmp' <Latency = 0> <II = 1> <Delay = 2.47> <FuncUnit> <Opcode : 'icmp'> <InPorts = 2> <OutPorts = 1>
ST_2 : Operation 30 [1/1] (0.00ns)   --->   "br i1 %icmp_ln46, label %9, label %._crit_edge7" [PATTERN_GENERATOR_CROSS/pattern_generator.cpp:46]   --->   Operation 30 'br' <Predicate = (icmp_ln30 & !icmp_ln44)> <Delay = 0.00>
ST_2 : Operation 31 [1/1] (1.76ns)   --->   "store i1 true, i1* @dirX, align 1" [PATTERN_GENERATOR_CROSS/pattern_generator.cpp:47]   --->   Operation 31 'store' <Predicate = (icmp_ln30 & !icmp_ln44 & icmp_ln46)> <Delay = 1.76>
ST_2 : Operation 32 [1/1] (0.00ns)   --->   "br label %._crit_edge7" [PATTERN_GENERATOR_CROSS/pattern_generator.cpp:47]   --->   Operation 32 'br' <Predicate = (icmp_ln30 & !icmp_ln44 & icmp_ln46)> <Delay = 0.00>
ST_2 : Operation 33 [1/1] (1.76ns)   --->   "br label %10"   --->   Operation 33 'br' <Predicate = (icmp_ln30 & !icmp_ln44)> <Delay = 1.76>
ST_2 : Operation 34 [1/1] (1.76ns)   --->   "store i1 false, i1* @dirX, align 1" [PATTERN_GENERATOR_CROSS/pattern_generator.cpp:45]   --->   Operation 34 'store' <Predicate = (icmp_ln30 & icmp_ln44)> <Delay = 1.76>
ST_2 : Operation 35 [1/1] (1.76ns)   --->   "br label %10" [PATTERN_GENERATOR_CROSS/pattern_generator.cpp:45]   --->   Operation 35 'br' <Predicate = (icmp_ln30 & icmp_ln44)> <Delay = 1.76>

State 3 <SV = 2> <Delay = 3.45>
ST_3 : Operation 36 [1/1] (0.00ns)   --->   "%x_0 = phi i10 [ %x, %._crit_edge ], [ 0, %.preheader.preheader ]"   --->   Operation 36 'phi' 'x_0' <Predicate = true> <Delay = 0.00>
ST_3 : Operation 37 [1/1] (0.00ns)   --->   "%zext_ln31 = zext i10 %x_0 to i32" [PATTERN_GENERATOR_CROSS/pattern_generator.cpp:31]   --->   Operation 37 'zext' 'zext_ln31' <Predicate = true> <Delay = 0.00>
ST_3 : Operation 38 [1/1] (1.77ns)   --->   "%icmp_ln31 = icmp eq i10 %x_0, -304" [PATTERN_GENERATOR_CROSS/pattern_generator.cpp:31]   --->   Operation 38 'icmp' 'icmp_ln31' <Predicate = true> <Delay = 1.77> <Core = "Cmp">   --->   Core 25 'Cmp' <Latency = 0> <II = 1> <Delay = 2.47> <FuncUnit> <Opcode : 'icmp'> <InPorts = 2> <OutPorts = 1>
ST_3 : Operation 39 [1/1] (0.00ns)   --->   "%empty_2 = call i32 (...)* @_ssdm_op_SpecLoopTripCount(i64 720, i64 720, i64 720)"   --->   Operation 39 'speclooptripcount' 'empty_2' <Predicate = true> <Delay = 0.00>
ST_3 : Operation 40 [1/1] (1.73ns)   --->   "%x = add i10 %x_0, 1" [PATTERN_GENERATOR_CROSS/pattern_generator.cpp:31]   --->   Operation 40 'add' 'x' <Predicate = true> <Delay = 1.73> <Core = "AddSub">   --->   Core 14 'AddSub' <Latency = 0> <II = 1> <Delay = 2.55> <FuncUnit> <Opcode : 'add' 'sub'> <InPorts = 2> <OutPorts = 1>
ST_3 : Operation 41 [1/1] (0.00ns)   --->   "br i1 %icmp_ln31, label %.loopexit.loopexit, label %1" [PATTERN_GENERATOR_CROSS/pattern_generator.cpp:31]   --->   Operation 41 'br' <Predicate = true> <Delay = 0.00>
ST_3 : Operation 42 [1/1] (1.77ns)   --->   "%icmp_ln33_1 = icmp ult i10 %x_0, -384" [PATTERN_GENERATOR_CROSS/pattern_generator.cpp:33]   --->   Operation 42 'icmp' 'icmp_ln33_1' <Predicate = (!icmp_ln31)> <Delay = 1.77> <Core = "Cmp">   --->   Core 25 'Cmp' <Latency = 0> <II = 1> <Delay = 2.47> <FuncUnit> <Opcode : 'icmp'> <InPorts = 2> <OutPorts = 1>
ST_3 : Operation 43 [1/1] (0.97ns)   --->   "%and_ln33 = and i1 %icmp_ln33, %icmp_ln33_1" [PATTERN_GENERATOR_CROSS/pattern_generator.cpp:33]   --->   Operation 43 'and' 'and_ln33' <Predicate = (!icmp_ln31)> <Delay = 0.97> <Core = "LogicGate">   --->   Core 27 'LogicGate' <Latency = 0> <II = 1> <Delay = 0.97> <FuncUnit> <Opcode : 'and' 'or' 'xor'> <InPorts = 2> <OutPorts = 1>
ST_3 : Operation 44 [1/1] (0.00ns)   --->   "br i1 %and_ln33, label %2, label %._crit_edge" [PATTERN_GENERATOR_CROSS/pattern_generator.cpp:33]   --->   Operation 44 'br' <Predicate = (!icmp_ln31)> <Delay = 0.00>
ST_3 : Operation 45 [1/1] (2.47ns)   --->   "%icmp_ln35 = icmp eq i32 %zext_ln31, %lineX_load" [PATTERN_GENERATOR_CROSS/pattern_generator.cpp:35]   --->   Operation 45 'icmp' 'icmp_ln35' <Predicate = (!icmp_ln31 & and_ln33)> <Delay = 2.47> <Core = "Cmp">   --->   Core 25 'Cmp' <Latency = 0> <II = 1> <Delay = 2.47> <FuncUnit> <Opcode : 'icmp'> <InPorts = 2> <OutPorts = 1>
ST_3 : Operation 46 [1/1] (0.97ns)   --->   "%or_ln35 = or i1 %icmp_ln35, %icmp_ln35_1" [PATTERN_GENERATOR_CROSS/pattern_generator.cpp:35]   --->   Operation 46 'or' 'or_ln35' <Predicate = (!icmp_ln31 & and_ln33)> <Delay = 0.97> <Core = "LogicGate">   --->   Core 27 'LogicGate' <Latency = 0> <II = 1> <Delay = 0.97> <FuncUnit> <Opcode : 'and' 'or' 'xor'> <InPorts = 2> <OutPorts = 1>
ST_3 : Operation 47 [1/1] (0.00ns)   --->   "br i1 %or_ln35, label %3, label %4" [PATTERN_GENERATOR_CROSS/pattern_generator.cpp:35]   --->   Operation 47 'br' <Predicate = (!icmp_ln31 & and_ln33)> <Delay = 0.00>
ST_3 : Operation 48 [2/2] (0.00ns)   --->   "call void @_ssdm_op_Write.axis.volatile.i8P(i8* %outputStream_V, i8 0)" [PATTERN_GENERATOR_CROSS/pattern_generator.cpp:37]   --->   Operation 48 'write' <Predicate = (!icmp_ln31 & and_ln33 & !or_ln35)> <Delay = 0.00> <Core = "AXI4Stream">   --->   Core 5 'AXI4Stream' <Latency = 0> <II = 1> <Delay = 1.00> <Adapter> <Opcode : >
ST_3 : Operation 49 [2/2] (0.00ns)   --->   "call void @_ssdm_op_Write.axis.volatile.i8P(i8* %outputStream_V, i8 -1)" [PATTERN_GENERATOR_CROSS/pattern_generator.cpp:36]   --->   Operation 49 'write' <Predicate = (!icmp_ln31 & and_ln33 & or_ln35)> <Delay = 0.00> <Core = "AXI4Stream">   --->   Core 5 'AXI4Stream' <Latency = 0> <II = 1> <Delay = 1.00> <Adapter> <Opcode : >
ST_3 : Operation 50 [1/1] (0.00ns)   --->   "br label %.loopexit"   --->   Operation 50 'br' <Predicate = (icmp_ln31)> <Delay = 0.00>

State 4 <SV = 3> <Delay = 0.00>
ST_4 : Operation 51 [1/2] (0.00ns)   --->   "call void @_ssdm_op_Write.axis.volatile.i8P(i8* %outputStream_V, i8 0)" [PATTERN_GENERATOR_CROSS/pattern_generator.cpp:37]   --->   Operation 51 'write' <Predicate = (and_ln33 & !or_ln35)> <Delay = 0.00> <Core = "AXI4Stream">   --->   Core 5 'AXI4Stream' <Latency = 0> <II = 1> <Delay = 1.00> <Adapter> <Opcode : >
ST_4 : Operation 52 [1/1] (0.00ns)   --->   "br label %5"   --->   Operation 52 'br' <Predicate = (and_ln33 & !or_ln35)> <Delay = 0.00>
ST_4 : Operation 53 [1/2] (0.00ns)   --->   "call void @_ssdm_op_Write.axis.volatile.i8P(i8* %outputStream_V, i8 -1)" [PATTERN_GENERATOR_CROSS/pattern_generator.cpp:36]   --->   Operation 53 'write' <Predicate = (and_ln33 & or_ln35)> <Delay = 0.00> <Core = "AXI4Stream">   --->   Core 5 'AXI4Stream' <Latency = 0> <II = 1> <Delay = 1.00> <Adapter> <Opcode : >
ST_4 : Operation 54 [1/1] (0.00ns)   --->   "br label %5" [PATTERN_GENERATOR_CROSS/pattern_generator.cpp:36]   --->   Operation 54 'br' <Predicate = (and_ln33 & or_ln35)> <Delay = 0.00>
ST_4 : Operation 55 [1/1] (0.00ns)   --->   "br label %._crit_edge" [PATTERN_GENERATOR_CROSS/pattern_generator.cpp:38]   --->   Operation 55 'br' <Predicate = (and_ln33)> <Delay = 0.00>
ST_4 : Operation 56 [1/1] (0.00ns)   --->   "br label %.preheader" [PATTERN_GENERATOR_CROSS/pattern_generator.cpp:31]   --->   Operation 56 'br' <Predicate = true> <Delay = 0.00>

State 5 <SV = 2> <Delay = 2.55>
ST_5 : Operation 57 [1/1] (0.00ns)   --->   "%empty_3 = phi i32 [ %lineX_load, %._crit_edge7 ], [ 0, %7 ]" [PATTERN_GENERATOR_CROSS/pattern_generator.cpp:35]   --->   Operation 57 'phi' 'empty_3' <Predicate = true> <Delay = 0.00>
ST_5 : Operation 58 [1/1] (2.47ns)   --->   "%icmp_ln49 = icmp eq i32 %lineY_load, 0" [PATTERN_GENERATOR_CROSS/pattern_generator.cpp:49]   --->   Operation 58 'icmp' 'icmp_ln49' <Predicate = true> <Delay = 2.47> <Core = "Cmp">   --->   Core 25 'Cmp' <Latency = 0> <II = 1> <Delay = 2.47> <FuncUnit> <Opcode : 'icmp'> <InPorts = 2> <OutPorts = 1>
ST_5 : Operation 59 [1/1] (0.00ns)   --->   "br i1 %icmp_ln49, label %11, label %12" [PATTERN_GENERATOR_CROSS/pattern_generator.cpp:49]   --->   Operation 59 'br' <Predicate = true> <Delay = 0.00>
ST_5 : Operation 60 [1/1] (2.47ns)   --->   "%icmp_ln51 = icmp eq i32 %lineY_load, 479" [PATTERN_GENERATOR_CROSS/pattern_generator.cpp:51]   --->   Operation 60 'icmp' 'icmp_ln51' <Predicate = (!icmp_ln49)> <Delay = 2.47> <Core = "Cmp">   --->   Core 25 'Cmp' <Latency = 0> <II = 1> <Delay = 2.47> <FuncUnit> <Opcode : 'icmp'> <InPorts = 2> <OutPorts = 1>
ST_5 : Operation 61 [1/1] (0.00ns)   --->   "br i1 %icmp_ln51, label %13, label %._crit_edge8" [PATTERN_GENERATOR_CROSS/pattern_generator.cpp:51]   --->   Operation 61 'br' <Predicate = (!icmp_ln49)> <Delay = 0.00>
ST_5 : Operation 62 [1/1] (1.76ns)   --->   "store i1 true, i1* @dirY, align 1" [PATTERN_GENERATOR_CROSS/pattern_generator.cpp:52]   --->   Operation 62 'store' <Predicate = (!icmp_ln49 & icmp_ln51)> <Delay = 1.76>
ST_5 : Operation 63 [1/1] (0.00ns)   --->   "br label %._crit_edge8" [PATTERN_GENERATOR_CROSS/pattern_generator.cpp:52]   --->   Operation 63 'br' <Predicate = (!icmp_ln49 & icmp_ln51)> <Delay = 0.00>
ST_5 : Operation 64 [1/1] (1.76ns)   --->   "br label %14"   --->   Operation 64 'br' <Predicate = (!icmp_ln49)> <Delay = 1.76>
ST_5 : Operation 65 [1/1] (1.76ns)   --->   "store i1 false, i1* @dirY, align 1" [PATTERN_GENERATOR_CROSS/pattern_generator.cpp:50]   --->   Operation 65 'store' <Predicate = (icmp_ln49)> <Delay = 1.76>
ST_5 : Operation 66 [1/1] (1.76ns)   --->   "br label %14" [PATTERN_GENERATOR_CROSS/pattern_generator.cpp:50]   --->   Operation 66 'br' <Predicate = (icmp_ln49)> <Delay = 1.76>
ST_5 : Operation 67 [1/1] (0.00ns)   --->   "%dirX_load = load i1* @dirX, align 1" [PATTERN_GENERATOR_CROSS/pattern_generator.cpp:58]   --->   Operation 67 'load' 'dirX_load' <Predicate = true> <Delay = 0.00>
ST_5 : Operation 68 [1/1] (0.00ns) (grouped into LUT with out node add_ln58)   --->   "%select_ln58 = select i1 %dirX_load, i32 -1, i32 1" [PATTERN_GENERATOR_CROSS/pattern_generator.cpp:58]   --->   Operation 68 'select' 'select_ln58' <Predicate = true> <Delay = 0.00> <Core = "Sel">   --->   Core 26 'Sel' <Latency = 0> <II = 1> <Delay = 0.99> <FuncUnit> <Opcode : 'select'> <InPorts = 3> <OutPorts = 1>
ST_5 : Operation 69 [1/1] (2.55ns) (out node of the LUT)   --->   "%add_ln58 = add i32 %empty_3, %select_ln58" [PATTERN_GENERATOR_CROSS/pattern_generator.cpp:58]   --->   Operation 69 'add' 'add_ln58' <Predicate = true> <Delay = 2.55> <Core = "AddSub">   --->   Core 14 'AddSub' <Latency = 0> <II = 1> <Delay = 2.55> <FuncUnit> <Opcode : 'add' 'sub'> <InPorts = 2> <OutPorts = 1>
ST_5 : Operation 70 [1/1] (0.00ns)   --->   "store i32 %add_ln58, i32* @lineX, align 4" [PATTERN_GENERATOR_CROSS/pattern_generator.cpp:59]   --->   Operation 70 'store' <Predicate = true> <Delay = 0.00>

State 6 <SV = 3> <Delay = 2.55>
ST_6 : Operation 71 [1/1] (0.00ns) (grouped into LUT with out node add_ln62)   --->   "%empty_4 = phi i32 [ %lineY_load, %._crit_edge8 ], [ 0, %11 ]" [PATTERN_GENERATOR_CROSS/pattern_generator.cpp:35]   --->   Operation 71 'phi' 'empty_4' <Predicate = true> <Delay = 0.00>
ST_6 : Operation 72 [1/1] (0.00ns)   --->   "%dirY_load = load i1* @dirY, align 1" [PATTERN_GENERATOR_CROSS/pattern_generator.cpp:62]   --->   Operation 72 'load' 'dirY_load' <Predicate = true> <Delay = 0.00>
ST_6 : Operation 73 [1/1] (0.00ns) (grouped into LUT with out node add_ln62)   --->   "%select_ln62 = select i1 %dirY_load, i32 -1, i32 1" [PATTERN_GENERATOR_CROSS/pattern_generator.cpp:62]   --->   Operation 73 'select' 'select_ln62' <Predicate = true> <Delay = 0.00> <Core = "Sel">   --->   Core 26 'Sel' <Latency = 0> <II = 1> <Delay = 0.99> <FuncUnit> <Opcode : 'select'> <InPorts = 3> <OutPorts = 1>
ST_6 : Operation 74 [1/1] (2.55ns) (out node of the LUT)   --->   "%add_ln62 = add i32 %empty_4, %select_ln62" [PATTERN_GENERATOR_CROSS/pattern_generator.cpp:62]   --->   Operation 74 'add' 'add_ln62' <Predicate = true> <Delay = 2.55> <Core = "AddSub">   --->   Core 14 'AddSub' <Latency = 0> <II = 1> <Delay = 2.55> <FuncUnit> <Opcode : 'add' 'sub'> <InPorts = 2> <OutPorts = 1>
ST_6 : Operation 75 [1/1] (0.00ns)   --->   "store i32 %add_ln62, i32* @lineY, align 4" [PATTERN_GENERATOR_CROSS/pattern_generator.cpp:63]   --->   Operation 75 'store' <Predicate = true> <Delay = 0.00>
ST_6 : Operation 76 [1/1] (0.00ns)   --->   "ret void" [PATTERN_GENERATOR_CROSS/pattern_generator.cpp:66]   --->   Operation 76 'ret' <Predicate = true> <Delay = 0.00>


============================================================
+ Verbose Summary: Binding
============================================================
STG Binding: 
---------------- STG Properties BEGIN ----------------
- Is combinational: 0
- Is one-state seq: 0
- Is datapath-only: 0
- Is pipelined: 0
- Is top level: 1
Port [ Return ] is wired: 1; IO mode=ap_ctrl_none:ce=0
Port [ outputStream_V]:  wired=1; compound=1; hidden=0; nouse=0; global=0; static=0; extern=0; dir=1; type=0; pingpong=0; private_global=0; IO mode=axis:ce=0
Port [ lineX]:  wired=0; compound=0; hidden=1; nouse=0; global=1; static=1; extern=0; dir=2; type=0; pingpong=0; private_global=1; linkage=7; visibility=0; IO mode=ap_ovld:ce=0
Port [ lineY]:  wired=0; compound=0; hidden=1; nouse=0; global=1; static=1; extern=0; dir=2; type=0; pingpong=0; private_global=1; linkage=7; visibility=0; IO mode=ap_ovld:ce=0
Port [ dirX]:  wired=0; compound=0; hidden=1; nouse=0; global=1; static=1; extern=0; dir=2; type=0; pingpong=0; private_global=1; linkage=7; visibility=0; IO mode=ap_ovld:ce=0
Port [ dirY]:  wired=0; compound=0; hidden=1; nouse=0; global=1; static=1; extern=0; dir=2; type=0; pingpong=0; private_global=1; linkage=7; visibility=0; IO mode=ap_ovld:ce=0
---------------- STG Properties END ------------------

---------------- Datapath Model BEGIN ----------------

<LifeTime>
<method=bitvector/>
specbitsmap_ln0    (specbitsmap      ) [ 0000000]
spectopmodule_ln0  (spectopmodule    ) [ 0000000]
specinterface_ln16 (specinterface    ) [ 0000000]
specinterface_ln17 (specinterface    ) [ 0000000]
specreset_ln25     (specreset        ) [ 0000000]
specreset_ln26     (specreset        ) [ 0000000]
specreset_ln27     (specreset        ) [ 0000000]
specreset_ln28     (specreset        ) [ 0000000]
lineX_load         (load             ) [ 0011110]
lineY_load         (load             ) [ 0011111]
br_ln30            (br               ) [ 0111100]
y_0                (phi              ) [ 0010000]
zext_ln30          (zext             ) [ 0000000]
icmp_ln30          (icmp             ) [ 0011100]
empty              (speclooptripcount) [ 0000000]
y                  (add              ) [ 0111100]
br_ln30            (br               ) [ 0000000]
icmp_ln33          (icmp             ) [ 0001100]
icmp_ln35_1        (icmp             ) [ 0001100]
br_ln31            (br               ) [ 0011100]
icmp_ln44          (icmp             ) [ 0011100]
br_ln44            (br               ) [ 0000000]
icmp_ln46          (icmp             ) [ 0011100]
br_ln46            (br               ) [ 0000000]
store_ln47         (store            ) [ 0000000]
br_ln47            (br               ) [ 0000000]
br_ln0             (br               ) [ 0011110]
store_ln45         (store            ) [ 0000000]
br_ln45            (br               ) [ 0011110]
x_0                (phi              ) [ 0001000]
zext_ln31          (zext             ) [ 0000000]
icmp_ln31          (icmp             ) [ 0011100]
empty_2            (speclooptripcount) [ 0000000]
x                  (add              ) [ 0011100]
br_ln31            (br               ) [ 0000000]
icmp_ln33_1        (icmp             ) [ 0000000]
and_ln33           (and              ) [ 0011100]
br_ln33            (br               ) [ 0000000]
icmp_ln35          (icmp             ) [ 0000000]
or_ln35            (or               ) [ 0011100]
br_ln35            (br               ) [ 0000000]
br_ln0             (br               ) [ 0111100]
write_ln37         (write            ) [ 0000000]
br_ln0             (br               ) [ 0000000]
write_ln36         (write            ) [ 0000000]
br_ln36            (br               ) [ 0000000]
br_ln38            (br               ) [ 0000000]
br_ln31            (br               ) [ 0011100]
empty_3            (phi              ) [ 0000010]
icmp_ln49          (icmp             ) [ 0000010]
br_ln49            (br               ) [ 0000000]
icmp_ln51          (icmp             ) [ 0000010]
br_ln51            (br               ) [ 0000000]
store_ln52         (store            ) [ 0000000]
br_ln52            (br               ) [ 0000000]
br_ln0             (br               ) [ 0000011]
store_ln50         (store            ) [ 0000000]
br_ln50            (br               ) [ 0000011]
dirX_load          (load             ) [ 0000000]
select_ln58        (select           ) [ 0000000]
add_ln58           (add              ) [ 0000000]
store_ln59         (store            ) [ 0000000]
empty_4            (phi              ) [ 0000001]
dirY_load          (load             ) [ 0000000]
select_ln62        (select           ) [ 0000000]
add_ln62           (add              ) [ 0000000]
store_ln63         (store            ) [ 0000000]
ret_ln66           (ret              ) [ 0000000]
</LifeTime>

<model>

<comp_list>
<comp id="0" class="1000" name="outputStream_V">
<pin_list>
<pin id="1" dir="1" index="0" bw="1" slack="0"/>
</pin_list>
<bind>
<StgValue><ssdm name="outputStream_V"/></StgValue>
</bind>
</comp>

<comp id="2" class="1000" name="lineX">
<pin_list>
<pin id="3" dir="1" index="0" bw="1" slack="0"/>
</pin_list>
<bind>
<StgValue><ssdm name="lineX"/></StgValue>
</bind>
</comp>

<comp id="4" class="1000" name="lineY">
<pin_list>
<pin id="5" dir="1" index="0" bw="1" slack="0"/>
</pin_list>
<bind>
<StgValue><ssdm name="lineY"/></StgValue>
</bind>
</comp>

<comp id="6" class="1000" name="dirX">
<pin_list>
<pin id="7" dir="1" index="0" bw="1" slack="0"/>
</pin_list>
<bind>
<StgValue><ssdm name="dirX"/></StgValue>
</bind>
</comp>

<comp id="8" class="1000" name="dirY">
<pin_list>
<pin id="9" dir="1" index="0" bw="1" slack="0"/>
</pin_list>
<bind>
<StgValue><ssdm name="dirY"/></StgValue>
</bind>
</comp>

<comp id="10" class="1001" name="const_10">
<pin_list>
<pin id="11" dir="1" index="0" bw="1" slack="2147483647"/>
</pin_list>
<bind>
<StgValue><ssdm name="_ssdm_op_SpecBitsMap"/></StgValue>
</bind>
</comp>

<comp id="12" class="1001" name="const_12">
<pin_list>
<pin id="13" dir="1" index="0" bw="1" slack="2147483647"/>
</pin_list>
<bind>
<StgValue><ssdm name="_ssdm_op_SpecTopModule"/></StgValue>
</bind>
</comp>

<comp id="14" class="1001" name="const_14">
<pin_list>
<pin id="15" dir="1" index="0" bw="1" slack="2147483647"/>
</pin_list>
<bind>
<StgValue><ssdm name="pattern_generator_cr"/></StgValue>
</bind>
</comp>

<comp id="16" class="1001" name="const_16">
<pin_list>
<pin id="17" dir="1" index="0" bw="1" slack="2147483647"/>
</pin_list>
<bind>
<StgValue><ssdm name="_ssdm_op_SpecInterface"/></StgValue>
</bind>
</comp>

<comp id="18" class="1001" name="const_18">
<pin_list>
<pin id="19" dir="1" index="0" bw="1" slack="0"/>
</pin_list>
<bind>
<StgValue><ssdm name=""/></StgValue>
</bind>
</comp>

<comp id="20" class="1001" name="const_20">
<pin_list>
<pin id="21" dir="1" index="0" bw="1" slack="2147483647"/>
</pin_list>
<bind>
<StgValue><ssdm name="p_str"/></StgValue>
</bind>
</comp>

<comp id="22" class="1001" name="const_22">
<pin_list>
<pin id="23" dir="1" index="0" bw="1" slack="2147483647"/>
</pin_list>
<bind>
<StgValue><ssdm name="p_str1"/></StgValue>
</bind>
</comp>

<comp id="24" class="1001" name="const_24">
<pin_list>
<pin id="25" dir="1" index="0" bw="1" slack="2147483647"/>
</pin_list>
<bind>
<StgValue><ssdm name="p_str2"/></StgValue>
</bind>
</comp>

<comp id="26" class="1001" name="const_26">
<pin_list>
<pin id="27" dir="1" index="0" bw="1" slack="0"/>
</pin_list>
<bind>
<StgValue><ssdm name=""/></StgValue>
</bind>
</comp>

<comp id="28" class="1001" name="const_28">
<pin_list>
<pin id="29" dir="1" index="0" bw="1" slack="2147483647"/>
</pin_list>
<bind>
<StgValue><ssdm name="p_str3"/></StgValue>
</bind>
</comp>

<comp id="30" class="1001" name="const_30">
<pin_list>
<pin id="31" dir="1" index="0" bw="1" slack="2147483647"/>
</pin_list>
<bind>
<StgValue><ssdm name="_ssdm_op_SpecReset"/></StgValue>
</bind>
</comp>

<comp id="32" class="1001" name="const_32">
<pin_list>
<pin id="33" dir="1" index="0" bw="1" slack="1"/>
</pin_list>
<bind>
<StgValue><ssdm name=""/></StgValue>
</bind>
</comp>

<comp id="34" class="1001" name="const_34">
<pin_list>
<pin id="35" dir="1" index="0" bw="1" slack="0"/>
</pin_list>
<bind>
<StgValue><ssdm name=""/></StgValue>
</bind>
</comp>

<comp id="36" class="1001" name="const_36">
<pin_list>
<pin id="37" dir="1" index="0" bw="1" slack="2147483647"/>
</pin_list>
<bind>
<StgValue><ssdm name="_ssdm_op_SpecLoopTripCount"/></StgValue>
</bind>
</comp>

<comp id="38" class="1001" name="const_38">
<pin_list>
<pin id="39" dir="1" index="0" bw="1" slack="2147483647"/>
</pin_list>
<bind>
<StgValue><ssdm name=""/></StgValue>
</bind>
</comp>

<comp id="40" class="1001" name="const_40">
<pin_list>
<pin id="41" dir="1" index="0" bw="1" slack="0"/>
</pin_list>
<bind>
<StgValue><ssdm name=""/></StgValue>
</bind>
</comp>

<comp id="42" class="1001" name="const_42">
<pin_list>
<pin id="43" dir="1" index="0" bw="1" slack="0"/>
</pin_list>
<bind>
<StgValue><ssdm name=""/></StgValue>
</bind>
</comp>

<comp id="44" class="1001" name="const_44">
<pin_list>
<pin id="45" dir="1" index="0" bw="1" slack="0"/>
</pin_list>
<bind>
<StgValue><ssdm name=""/></StgValue>
</bind>
</comp>

<comp id="46" class="1001" name="const_46">
<pin_list>
<pin id="47" dir="1" index="0" bw="1" slack="0"/>
</pin_list>
<bind>
<StgValue><ssdm name=""/></StgValue>
</bind>
</comp>

<comp id="48" class="1001" name="const_48">
<pin_list>
<pin id="49" dir="1" index="0" bw="1" slack="0"/>
</pin_list>
<bind>
<StgValue><ssdm name=""/></StgValue>
</bind>
</comp>

<comp id="50" class="1001" name="const_50">
<pin_list>
<pin id="51" dir="1" index="0" bw="1" slack="1"/>
</pin_list>
<bind>
<StgValue><ssdm name=""/></StgValue>
</bind>
</comp>

<comp id="52" class="1001" name="const_52">
<pin_list>
<pin id="53" dir="1" index="0" bw="1" slack="0"/>
</pin_list>
<bind>
<StgValue><ssdm name=""/></StgValue>
</bind>
</comp>

<comp id="54" class="1001" name="const_54">
<pin_list>
<pin id="55" dir="1" index="0" bw="1" slack="2147483647"/>
</pin_list>
<bind>
<StgValue><ssdm name=""/></StgValue>
</bind>
</comp>

<comp id="56" class="1001" name="const_56">
<pin_list>
<pin id="57" dir="1" index="0" bw="1" slack="0"/>
</pin_list>
<bind>
<StgValue><ssdm name=""/></StgValue>
</bind>
</comp>

<comp id="58" class="1001" name="const_58">
<pin_list>
<pin id="59" dir="1" index="0" bw="1" slack="0"/>
</pin_list>
<bind>
<StgValue><ssdm name=""/></StgValue>
</bind>
</comp>

<comp id="60" class="1001" name="const_60">
<pin_list>
<pin id="61" dir="1" index="0" bw="1" slack="0"/>
</pin_list>
<bind>
<StgValue><ssdm name="_ssdm_op_Write.axis.volatile.i8P"/></StgValue>
</bind>
</comp>

<comp id="62" class="1001" name="const_62">
<pin_list>
<pin id="63" dir="1" index="0" bw="1" slack="0"/>
</pin_list>
<bind>
<StgValue><ssdm name=""/></StgValue>
</bind>
</comp>

<comp id="64" class="1001" name="const_64">
<pin_list>
<pin id="65" dir="1" index="0" bw="1" slack="0"/>
</pin_list>
<bind>
<StgValue><ssdm name=""/></StgValue>
</bind>
</comp>

<comp id="66" class="1001" name="const_66">
<pin_list>
<pin id="67" dir="1" index="0" bw="1" slack="0"/>
</pin_list>
<bind>
<StgValue><ssdm name=""/></StgValue>
</bind>
</comp>

<comp id="68" class="1001" name="const_68">
<pin_list>
<pin id="69" dir="1" index="0" bw="1" slack="0"/>
</pin_list>
<bind>
<StgValue><ssdm name=""/></StgValue>
</bind>
</comp>

<comp id="70" class="1004" name="grp_write_fu_70">
<pin_list>
<pin id="71" dir="0" index="0" bw="0" slack="0"/>
<pin id="72" dir="0" index="1" bw="8" slack="0"/>
<pin id="73" dir="0" index="2" bw="1" slack="0"/>
<pin id="74" dir="1" index="3" bw="0" slack="2147483647"/>
</pin_list>
<bind>
<opcode="write(1151) " fcode="write"/>
<opset="write_ln37/3 write_ln36/3 "/>
</bind>
</comp>

<comp id="79" class="1005" name="y_0_reg_79">
<pin_list>
<pin id="80" dir="0" index="0" bw="9" slack="1"/>
<pin id="81" dir="1" index="1" bw="9" slack="1"/>
</pin_list>
<bind>
<opset="y_0 (phireg) "/>
</bind>
</comp>

<comp id="83" class="1004" name="y_0_phi_fu_83">
<pin_list>
<pin id="84" dir="0" index="0" bw="1" slack="1"/>
<pin id="85" dir="0" index="1" bw="0" slack="2147483647"/>
<pin id="86" dir="0" index="2" bw="9" slack="0"/>
<pin id="87" dir="0" index="3" bw="0" slack="2147483647"/>
<pin id="88" dir="1" index="4" bw="9" slack="0"/>
</pin_list>
<bind>
<opcode="phi(47) " fcode="phi"/>
<opset="y_0/2 "/>
</bind>
</comp>

<comp id="90" class="1005" name="x_0_reg_90">
<pin_list>
<pin id="91" dir="0" index="0" bw="10" slack="1"/>
<pin id="92" dir="1" index="1" bw="10" slack="1"/>
</pin_list>
<bind>
<opset="x_0 (phireg) "/>
</bind>
</comp>

<comp id="94" class="1004" name="x_0_phi_fu_94">
<pin_list>
<pin id="95" dir="0" index="0" bw="10" slack="0"/>
<pin id="96" dir="0" index="1" bw="0" slack="2147483647"/>
<pin id="97" dir="0" index="2" bw="1" slack="1"/>
<pin id="98" dir="0" index="3" bw="0" slack="2147483647"/>
<pin id="99" dir="1" index="4" bw="10" slack="0"/>
</pin_list>
<bind>
<opcode="phi(47) " fcode="phi"/>
<opset="x_0/3 "/>
</bind>
</comp>

<comp id="101" class="1005" name="empty_3_reg_101">
<pin_list>
<pin id="102" dir="0" index="0" bw="32" slack="1"/>
<pin id="103" dir="1" index="1" bw="32" slack="1"/>
</pin_list>
<bind>
<opset="empty_3 (phireg) "/>
</bind>
</comp>

<comp id="105" class="1004" name="empty_3_phi_fu_105">
<pin_list>
<pin id="106" dir="0" index="0" bw="32" slack="2"/>
<pin id="107" dir="0" index="1" bw="0" slack="2147483647"/>
<pin id="108" dir="0" index="2" bw="1" slack="1"/>
<pin id="109" dir="0" index="3" bw="0" slack="2147483647"/>
<pin id="110" dir="1" index="4" bw="32" slack="0"/>
</pin_list>
<bind>
<opcode="phi(47) " fcode="phi"/>
<opset="empty_3/5 "/>
</bind>
</comp>

<comp id="112" class="1005" name="empty_4_reg_112">
<pin_list>
<pin id="113" dir="0" index="0" bw="32" slack="1"/>
<pin id="114" dir="1" index="1" bw="32" slack="1"/>
</pin_list>
<bind>
<opset="empty_4 (phireg) "/>
</bind>
</comp>

<comp id="116" class="1004" name="empty_4_phi_fu_116">
<pin_list>
<pin id="117" dir="0" index="0" bw="32" slack="3"/>
<pin id="118" dir="0" index="1" bw="0" slack="2147483647"/>
<pin id="119" dir="0" index="2" bw="1" slack="1"/>
<pin id="120" dir="0" index="3" bw="0" slack="2147483647"/>
<pin id="121" dir="1" index="4" bw="32" slack="0"/>
</pin_list>
<bind>
<opcode="phi(47) " fcode="phi"/>
<opset="empty_4/6 "/>
</bind>
</comp>

<comp id="123" class="1004" name="lineX_load_load_fu_123">
<pin_list>
<pin id="124" dir="0" index="0" bw="32" slack="0"/>
<pin id="125" dir="1" index="1" bw="32" slack="1"/>
</pin_list>
<bind>
<opcode="load(27) " fcode="load"/>
<opset="lineX_load/1 "/>
</bind>
</comp>

<comp id="127" class="1004" name="lineY_load_load_fu_127">
<pin_list>
<pin id="128" dir="0" index="0" bw="32" slack="0"/>
<pin id="129" dir="1" index="1" bw="32" slack="1"/>
</pin_list>
<bind>
<opcode="load(27) " fcode="load"/>
<opset="lineY_load/1 "/>
</bind>
</comp>

<comp id="131" class="1004" name="zext_ln30_fu_131">
<pin_list>
<pin id="132" dir="0" index="0" bw="9" slack="0"/>
<pin id="133" dir="1" index="1" bw="32" slack="0"/>
</pin_list>
<bind>
<opcode="zext(34) " fcode="zext"/>
<opset="zext_ln30/2 "/>
</bind>
</comp>

<comp id="135" class="1004" name="icmp_ln30_fu_135">
<pin_list>
<pin id="136" dir="0" index="0" bw="9" slack="0"/>
<pin id="137" dir="0" index="1" bw="2" slack="0"/>
<pin id="138" dir="1" index="2" bw="1" slack="2147483647"/>
</pin_list>
<bind>
<opcode="icmp(45) " fcode="icmp"/>
<opset="icmp_ln30/2 "/>
</bind>
</comp>

<comp id="141" class="1004" name="y_fu_141">
<pin_list>
<pin id="142" dir="0" index="0" bw="9" slack="0"/>
<pin id="143" dir="0" index="1" bw="1" slack="0"/>
<pin id="144" dir="1" index="2" bw="9" slack="0"/>
</pin_list>
<bind>
<opcode="add(8) " fcode="add"/>
<opset="y/2 "/>
</bind>
</comp>

<comp id="147" class="1004" name="icmp_ln33_fu_147">
<pin_list>
<pin id="148" dir="0" index="0" bw="9" slack="0"/>
<pin id="149" dir="0" index="1" bw="9" slack="0"/>
<pin id="150" dir="1" index="2" bw="1" slack="1"/>
</pin_list>
<bind>
<opcode="icmp(45) " fcode="icmp"/>
<opset="icmp_ln33/2 "/>
</bind>
</comp>

<comp id="153" class="1004" name="icmp_ln35_1_fu_153">
<pin_list>
<pin id="154" dir="0" index="0" bw="9" slack="0"/>
<pin id="155" dir="0" index="1" bw="32" slack="1"/>
<pin id="156" dir="1" index="2" bw="1" slack="1"/>
</pin_list>
<bind>
<opcode="icmp(45) " fcode="icmp"/>
<opset="icmp_ln35_1/2 "/>
</bind>
</comp>

<comp id="158" class="1004" name="icmp_ln44_fu_158">
<pin_list>
<pin id="159" dir="0" index="0" bw="32" slack="1"/>
<pin id="160" dir="0" index="1" bw="1" slack="0"/>
<pin id="161" dir="1" index="2" bw="1" slack="2147483647"/>
</pin_list>
<bind>
<opcode="icmp(45) " fcode="icmp"/>
<opset="icmp_ln44/2 "/>
</bind>
</comp>

<comp id="163" class="1004" name="icmp_ln46_fu_163">
<pin_list>
<pin id="164" dir="0" index="0" bw="32" slack="1"/>
<pin id="165" dir="0" index="1" bw="11" slack="0"/>
<pin id="166" dir="1" index="2" bw="1" slack="2147483647"/>
</pin_list>
<bind>
<opcode="icmp(45) " fcode="icmp"/>
<opset="icmp_ln46/2 "/>
</bind>
</comp>

<comp id="168" class="1004" name="store_ln47_store_fu_168">
<pin_list>
<pin id="169" dir="0" index="0" bw="1" slack="0"/>
<pin id="170" dir="0" index="1" bw="1" slack="0"/>
<pin id="171" dir="1" index="2" bw="0" slack="2147483647"/>
</pin_list>
<bind>
<opcode="store(28) " fcode="store"/>
<opset="store_ln47/2 "/>
</bind>
</comp>

<comp id="174" class="1004" name="store_ln45_store_fu_174">
<pin_list>
<pin id="175" dir="0" index="0" bw="1" slack="0"/>
<pin id="176" dir="0" index="1" bw="1" slack="0"/>
<pin id="177" dir="1" index="2" bw="0" slack="2147483647"/>
</pin_list>
<bind>
<opcode="store(28) " fcode="store"/>
<opset="store_ln45/2 "/>
</bind>
</comp>

<comp id="180" class="1004" name="zext_ln31_fu_180">
<pin_list>
<pin id="181" dir="0" index="0" bw="10" slack="0"/>
<pin id="182" dir="1" index="1" bw="32" slack="0"/>
</pin_list>
<bind>
<opcode="zext(34) " fcode="zext"/>
<opset="zext_ln31/3 "/>
</bind>
</comp>

<comp id="184" class="1004" name="icmp_ln31_fu_184">
<pin_list>
<pin id="185" dir="0" index="0" bw="10" slack="0"/>
<pin id="186" dir="0" index="1" bw="10" slack="0"/>
<pin id="187" dir="1" index="2" bw="1" slack="2147483647"/>
</pin_list>
<bind>
<opcode="icmp(45) " fcode="icmp"/>
<opset="icmp_ln31/3 "/>
</bind>
</comp>

<comp id="190" class="1004" name="x_fu_190">
<pin_list>
<pin id="191" dir="0" index="0" bw="10" slack="0"/>
<pin id="192" dir="0" index="1" bw="1" slack="0"/>
<pin id="193" dir="1" index="2" bw="10" slack="0"/>
</pin_list>
<bind>
<opcode="add(8) " fcode="add"/>
<opset="x/3 "/>
</bind>
</comp>

<comp id="196" class="1004" name="icmp_ln33_1_fu_196">
<pin_list>
<pin id="197" dir="0" index="0" bw="10" slack="0"/>
<pin id="198" dir="0" index="1" bw="10" slack="0"/>
<pin id="199" dir="1" index="2" bw="1" slack="0"/>
</pin_list>
<bind>
<opcode="icmp(45) " fcode="icmp"/>
<opset="icmp_ln33_1/3 "/>
</bind>
</comp>

<comp id="202" class="1004" name="and_ln33_fu_202">
<pin_list>
<pin id="203" dir="0" index="0" bw="1" slack="1"/>
<pin id="204" dir="0" index="1" bw="1" slack="0"/>
<pin id="205" dir="1" index="2" bw="1" slack="1"/>
</pin_list>
<bind>
<opcode="and(23) " fcode="and"/>
<opset="and_ln33/3 "/>
</bind>
</comp>

<comp id="207" class="1004" name="icmp_ln35_fu_207">
<pin_list>
<pin id="208" dir="0" index="0" bw="10" slack="0"/>
<pin id="209" dir="0" index="1" bw="32" slack="2"/>
<pin id="210" dir="1" index="2" bw="1" slack="0"/>
</pin_list>
<bind>
<opcode="icmp(45) " fcode="icmp"/>
<opset="icmp_ln35/3 "/>
</bind>
</comp>

<comp id="212" class="1004" name="or_ln35_fu_212">
<pin_list>
<pin id="213" dir="0" index="0" bw="1" slack="0"/>
<pin id="214" dir="0" index="1" bw="1" slack="1"/>
<pin id="215" dir="1" index="2" bw="1" slack="1"/>
</pin_list>
<bind>
<opcode="or(24) " fcode="or"/>
<opset="or_ln35/3 "/>
</bind>
</comp>

<comp id="217" class="1004" name="icmp_ln49_fu_217">
<pin_list>
<pin id="218" dir="0" index="0" bw="32" slack="2"/>
<pin id="219" dir="0" index="1" bw="1" slack="0"/>
<pin id="220" dir="1" index="2" bw="1" slack="2147483647"/>
</pin_list>
<bind>
<opcode="icmp(45) " fcode="icmp"/>
<opset="icmp_ln49/5 "/>
</bind>
</comp>

<comp id="222" class="1004" name="icmp_ln51_fu_222">
<pin_list>
<pin id="223" dir="0" index="0" bw="32" slack="2"/>
<pin id="224" dir="0" index="1" bw="10" slack="0"/>
<pin id="225" dir="1" index="2" bw="1" slack="2147483647"/>
</pin_list>
<bind>
<opcode="icmp(45) " fcode="icmp"/>
<opset="icmp_ln51/5 "/>
</bind>
</comp>

<comp id="227" class="1004" name="store_ln52_store_fu_227">
<pin_list>
<pin id="228" dir="0" index="0" bw="1" slack="0"/>
<pin id="229" dir="0" index="1" bw="1" slack="0"/>
<pin id="230" dir="1" index="2" bw="0" slack="2147483647"/>
</pin_list>
<bind>
<opcode="store(28) " fcode="store"/>
<opset="store_ln52/5 "/>
</bind>
</comp>

<comp id="233" class="1004" name="store_ln50_store_fu_233">
<pin_list>
<pin id="234" dir="0" index="0" bw="1" slack="0"/>
<pin id="235" dir="0" index="1" bw="1" slack="0"/>
<pin id="236" dir="1" index="2" bw="0" slack="2147483647"/>
</pin_list>
<bind>
<opcode="store(28) " fcode="store"/>
<opset="store_ln50/5 "/>
</bind>
</comp>

<comp id="239" class="1004" name="dirX_load_load_fu_239">
<pin_list>
<pin id="240" dir="0" index="0" bw="1" slack="0"/>
<pin id="241" dir="1" index="1" bw="1" slack="0"/>
</pin_list>
<bind>
<opcode="load(27) " fcode="load"/>
<opset="dirX_load/5 "/>
</bind>
</comp>

<comp id="243" class="1004" name="select_ln58_fu_243">
<pin_list>
<pin id="244" dir="0" index="0" bw="1" slack="0"/>
<pin id="245" dir="0" index="1" bw="1" slack="0"/>
<pin id="246" dir="0" index="2" bw="1" slack="0"/>
<pin id="247" dir="1" index="3" bw="32" slack="0"/>
</pin_list>
<bind>
<opcode="select(49) " fcode="select"/>
<opset="select_ln58/5 "/>
</bind>
</comp>

<comp id="251" class="1004" name="add_ln58_fu_251">
<pin_list>
<pin id="252" dir="0" index="0" bw="32" slack="0"/>
<pin id="253" dir="0" index="1" bw="32" slack="0"/>
<pin id="254" dir="1" index="2" bw="32" slack="0"/>
</pin_list>
<bind>
<opcode="add(8) " fcode="add"/>
<opset="add_ln58/5 "/>
</bind>
</comp>

<comp id="257" class="1004" name="store_ln59_store_fu_257">
<pin_list>
<pin id="258" dir="0" index="0" bw="32" slack="0"/>
<pin id="259" dir="0" index="1" bw="32" slack="0"/>
<pin id="260" dir="1" index="2" bw="0" slack="2147483647"/>
</pin_list>
<bind>
<opcode="store(28) " fcode="store"/>
<opset="store_ln59/5 "/>
</bind>
</comp>

<comp id="263" class="1004" name="dirY_load_load_fu_263">
<pin_list>
<pin id="264" dir="0" index="0" bw="1" slack="0"/>
<pin id="265" dir="1" index="1" bw="1" slack="0"/>
</pin_list>
<bind>
<opcode="load(27) " fcode="load"/>
<opset="dirY_load/6 "/>
</bind>
</comp>

<comp id="267" class="1004" name="select_ln62_fu_267">
<pin_list>
<pin id="268" dir="0" index="0" bw="1" slack="0"/>
<pin id="269" dir="0" index="1" bw="1" slack="0"/>
<pin id="270" dir="0" index="2" bw="1" slack="0"/>
<pin id="271" dir="1" index="3" bw="32" slack="0"/>
</pin_list>
<bind>
<opcode="select(49) " fcode="select"/>
<opset="select_ln62/6 "/>
</bind>
</comp>

<comp id="275" class="1004" name="add_ln62_fu_275">
<pin_list>
<pin id="276" dir="0" index="0" bw="32" slack="0"/>
<pin id="277" dir="0" index="1" bw="32" slack="0"/>
<pin id="278" dir="1" index="2" bw="32" slack="0"/>
</pin_list>
<bind>
<opcode="add(8) " fcode="add"/>
<opset="add_ln62/6 "/>
</bind>
</comp>

<comp id="281" class="1004" name="store_ln63_store_fu_281">
<pin_list>
<pin id="282" dir="0" index="0" bw="32" slack="0"/>
<pin id="283" dir="0" index="1" bw="32" slack="0"/>
<pin id="284" dir="1" index="2" bw="0" slack="2147483647"/>
</pin_list>
<bind>
<opcode="store(28) " fcode="store"/>
<opset="store_ln63/6 "/>
</bind>
</comp>

<comp id="287" class="1005" name="lineX_load_reg_287">
<pin_list>
<pin id="288" dir="0" index="0" bw="32" slack="1"/>
<pin id="289" dir="1" index="1" bw="32" slack="1"/>
</pin_list>
<bind>
<opset="lineX_load "/>
</bind>
</comp>

<comp id="295" class="1005" name="lineY_load_reg_295">
<pin_list>
<pin id="296" dir="0" index="0" bw="32" slack="1"/>
<pin id="297" dir="1" index="1" bw="32" slack="1"/>
</pin_list>
<bind>
<opset="lineY_load "/>
</bind>
</comp>

<comp id="306" class="1005" name="y_reg_306">
<pin_list>
<pin id="307" dir="0" index="0" bw="9" slack="0"/>
<pin id="308" dir="1" index="1" bw="9" slack="0"/>
</pin_list>
<bind>
<opset="y "/>
</bind>
</comp>

<comp id="311" class="1005" name="icmp_ln33_reg_311">
<pin_list>
<pin id="312" dir="0" index="0" bw="1" slack="1"/>
<pin id="313" dir="1" index="1" bw="1" slack="1"/>
</pin_list>
<bind>
<opset="icmp_ln33 "/>
</bind>
</comp>

<comp id="316" class="1005" name="icmp_ln35_1_reg_316">
<pin_list>
<pin id="317" dir="0" index="0" bw="1" slack="1"/>
<pin id="318" dir="1" index="1" bw="1" slack="1"/>
</pin_list>
<bind>
<opset="icmp_ln35_1 "/>
</bind>
</comp>

<comp id="330" class="1005" name="x_reg_330">
<pin_list>
<pin id="331" dir="0" index="0" bw="10" slack="0"/>
<pin id="332" dir="1" index="1" bw="10" slack="0"/>
</pin_list>
<bind>
<opset="x "/>
</bind>
</comp>

<comp id="335" class="1005" name="and_ln33_reg_335">
<pin_list>
<pin id="336" dir="0" index="0" bw="1" slack="1"/>
<pin id="337" dir="1" index="1" bw="1" slack="2147483647"/>
</pin_list>
<bind>
<opset="and_ln33 "/>
</bind>
</comp>

<comp id="339" class="1005" name="or_ln35_reg_339">
<pin_list>
<pin id="340" dir="0" index="0" bw="1" slack="1"/>
<pin id="341" dir="1" index="1" bw="1" slack="2147483647"/>
</pin_list>
<bind>
<opset="or_ln35 "/>
</bind>
</comp>

</comp_list>

<net_list>
<net id="75"><net_src comp="60" pin="0"/><net_sink comp="70" pin=0"/></net>

<net id="76"><net_src comp="0" pin="0"/><net_sink comp="70" pin=1"/></net>

<net id="77"><net_src comp="62" pin="0"/><net_sink comp="70" pin=2"/></net>

<net id="78"><net_src comp="64" pin="0"/><net_sink comp="70" pin=2"/></net>

<net id="82"><net_src comp="32" pin="0"/><net_sink comp="79" pin=0"/></net>

<net id="89"><net_src comp="79" pin="1"/><net_sink comp="83" pin=0"/></net>

<net id="93"><net_src comp="50" pin="0"/><net_sink comp="90" pin=0"/></net>

<net id="100"><net_src comp="90" pin="1"/><net_sink comp="94" pin=2"/></net>

<net id="104"><net_src comp="18" pin="0"/><net_sink comp="101" pin=0"/></net>

<net id="111"><net_src comp="101" pin="1"/><net_sink comp="105" pin=2"/></net>

<net id="115"><net_src comp="18" pin="0"/><net_sink comp="112" pin=0"/></net>

<net id="122"><net_src comp="112" pin="1"/><net_sink comp="116" pin=2"/></net>

<net id="126"><net_src comp="2" pin="0"/><net_sink comp="123" pin=0"/></net>

<net id="130"><net_src comp="4" pin="0"/><net_sink comp="127" pin=0"/></net>

<net id="134"><net_src comp="83" pin="4"/><net_sink comp="131" pin=0"/></net>

<net id="139"><net_src comp="83" pin="4"/><net_sink comp="135" pin=0"/></net>

<net id="140"><net_src comp="34" pin="0"/><net_sink comp="135" pin=1"/></net>

<net id="145"><net_src comp="83" pin="4"/><net_sink comp="141" pin=0"/></net>

<net id="146"><net_src comp="40" pin="0"/><net_sink comp="141" pin=1"/></net>

<net id="151"><net_src comp="83" pin="4"/><net_sink comp="147" pin=0"/></net>

<net id="152"><net_src comp="42" pin="0"/><net_sink comp="147" pin=1"/></net>

<net id="157"><net_src comp="131" pin="1"/><net_sink comp="153" pin=0"/></net>

<net id="162"><net_src comp="18" pin="0"/><net_sink comp="158" pin=1"/></net>

<net id="167"><net_src comp="44" pin="0"/><net_sink comp="163" pin=1"/></net>

<net id="172"><net_src comp="46" pin="0"/><net_sink comp="168" pin=0"/></net>

<net id="173"><net_src comp="6" pin="0"/><net_sink comp="168" pin=1"/></net>

<net id="178"><net_src comp="48" pin="0"/><net_sink comp="174" pin=0"/></net>

<net id="179"><net_src comp="6" pin="0"/><net_sink comp="174" pin=1"/></net>

<net id="183"><net_src comp="94" pin="4"/><net_sink comp="180" pin=0"/></net>

<net id="188"><net_src comp="94" pin="4"/><net_sink comp="184" pin=0"/></net>

<net id="189"><net_src comp="52" pin="0"/><net_sink comp="184" pin=1"/></net>

<net id="194"><net_src comp="94" pin="4"/><net_sink comp="190" pin=0"/></net>

<net id="195"><net_src comp="56" pin="0"/><net_sink comp="190" pin=1"/></net>

<net id="200"><net_src comp="94" pin="4"/><net_sink comp="196" pin=0"/></net>

<net id="201"><net_src comp="58" pin="0"/><net_sink comp="196" pin=1"/></net>

<net id="206"><net_src comp="196" pin="2"/><net_sink comp="202" pin=1"/></net>

<net id="211"><net_src comp="180" pin="1"/><net_sink comp="207" pin=0"/></net>

<net id="216"><net_src comp="207" pin="2"/><net_sink comp="212" pin=0"/></net>

<net id="221"><net_src comp="18" pin="0"/><net_sink comp="217" pin=1"/></net>

<net id="226"><net_src comp="66" pin="0"/><net_sink comp="222" pin=1"/></net>

<net id="231"><net_src comp="46" pin="0"/><net_sink comp="227" pin=0"/></net>

<net id="232"><net_src comp="8" pin="0"/><net_sink comp="227" pin=1"/></net>

<net id="237"><net_src comp="48" pin="0"/><net_sink comp="233" pin=0"/></net>

<net id="238"><net_src comp="8" pin="0"/><net_sink comp="233" pin=1"/></net>

<net id="242"><net_src comp="6" pin="0"/><net_sink comp="239" pin=0"/></net>

<net id="248"><net_src comp="239" pin="1"/><net_sink comp="243" pin=0"/></net>

<net id="249"><net_src comp="68" pin="0"/><net_sink comp="243" pin=1"/></net>

<net id="250"><net_src comp="26" pin="0"/><net_sink comp="243" pin=2"/></net>

<net id="255"><net_src comp="105" pin="4"/><net_sink comp="251" pin=0"/></net>

<net id="256"><net_src comp="243" pin="3"/><net_sink comp="251" pin=1"/></net>

<net id="261"><net_src comp="251" pin="2"/><net_sink comp="257" pin=0"/></net>

<net id="262"><net_src comp="2" pin="0"/><net_sink comp="257" pin=1"/></net>

<net id="266"><net_src comp="8" pin="0"/><net_sink comp="263" pin=0"/></net>

<net id="272"><net_src comp="263" pin="1"/><net_sink comp="267" pin=0"/></net>

<net id="273"><net_src comp="68" pin="0"/><net_sink comp="267" pin=1"/></net>

<net id="274"><net_src comp="26" pin="0"/><net_sink comp="267" pin=2"/></net>

<net id="279"><net_src comp="116" pin="4"/><net_sink comp="275" pin=0"/></net>

<net id="280"><net_src comp="267" pin="3"/><net_sink comp="275" pin=1"/></net>

<net id="285"><net_src comp="275" pin="2"/><net_sink comp="281" pin=0"/></net>

<net id="286"><net_src comp="4" pin="0"/><net_sink comp="281" pin=1"/></net>

<net id="290"><net_src comp="123" pin="1"/><net_sink comp="287" pin=0"/></net>

<net id="291"><net_src comp="287" pin="1"/><net_sink comp="158" pin=0"/></net>

<net id="292"><net_src comp="287" pin="1"/><net_sink comp="163" pin=0"/></net>

<net id="293"><net_src comp="287" pin="1"/><net_sink comp="207" pin=1"/></net>

<net id="294"><net_src comp="287" pin="1"/><net_sink comp="105" pin=0"/></net>

<net id="298"><net_src comp="127" pin="1"/><net_sink comp="295" pin=0"/></net>

<net id="299"><net_src comp="295" pin="1"/><net_sink comp="153" pin=1"/></net>

<net id="300"><net_src comp="295" pin="1"/><net_sink comp="217" pin=0"/></net>

<net id="301"><net_src comp="295" pin="1"/><net_sink comp="222" pin=0"/></net>

<net id="302"><net_src comp="295" pin="1"/><net_sink comp="116" pin=0"/></net>

<net id="309"><net_src comp="141" pin="2"/><net_sink comp="306" pin=0"/></net>

<net id="310"><net_src comp="306" pin="1"/><net_sink comp="83" pin=2"/></net>

<net id="314"><net_src comp="147" pin="2"/><net_sink comp="311" pin=0"/></net>

<net id="315"><net_src comp="311" pin="1"/><net_sink comp="202" pin=0"/></net>

<net id="319"><net_src comp="153" pin="2"/><net_sink comp="316" pin=0"/></net>

<net id="320"><net_src comp="316" pin="1"/><net_sink comp="212" pin=1"/></net>

<net id="333"><net_src comp="190" pin="2"/><net_sink comp="330" pin=0"/></net>

<net id="334"><net_src comp="330" pin="1"/><net_sink comp="94" pin=0"/></net>

<net id="338"><net_src comp="202" pin="2"/><net_sink comp="335" pin=0"/></net>

<net id="342"><net_src comp="212" pin="2"/><net_sink comp="339" pin=0"/></net>

</net_list>

</model> 
---------------- Datapath Model END ------------------

* FSMD analyzer results:
  - Output states:
	Port: outputStream_V | {4 }
	Port: lineX | {5 }
	Port: lineY | {6 }
	Port: dirX | {2 }
	Port: dirY | {5 }
 - Input state : 
	Port: pattern_generator_cross : lineX | {1 }
	Port: pattern_generator_cross : lineY | {1 }
	Port: pattern_generator_cross : dirX | {5 }
	Port: pattern_generator_cross : dirY | {6 }
  - Chain level:
	State 1
	State 2
		zext_ln30 : 1
		icmp_ln30 : 1
		y : 1
		br_ln30 : 2
		icmp_ln33 : 1
		icmp_ln35_1 : 2
		br_ln44 : 1
		br_ln46 : 1
	State 3
		zext_ln31 : 1
		icmp_ln31 : 1
		x : 1
		br_ln31 : 2
		icmp_ln33_1 : 1
		and_ln33 : 2
		br_ln33 : 2
		icmp_ln35 : 2
		or_ln35 : 3
		br_ln35 : 3
	State 4
	State 5
		br_ln49 : 1
		br_ln51 : 1
		select_ln58 : 1
		add_ln58 : 2
		store_ln59 : 3
	State 6
		select_ln62 : 1
		add_ln62 : 2
		store_ln63 : 3


============================================================
+ Verbose Summary: Datapath Resource usage 
============================================================

* Functional unit list:
|----------|--------------------|---------|---------|
| Operation|   Functional Unit  |    FF   |   LUT   |
|----------|--------------------|---------|---------|
|          |  icmp_ln30_fu_135  |    0    |    13   |
|          |  icmp_ln33_fu_147  |    0    |    13   |
|          | icmp_ln35_1_fu_153 |    0    |    18   |
|          |  icmp_ln44_fu_158  |    0    |    18   |
|   icmp   |  icmp_ln46_fu_163  |    0    |    18   |
|          |  icmp_ln31_fu_184  |    0    |    13   |
|          | icmp_ln33_1_fu_196 |    0    |    13   |
|          |  icmp_ln35_fu_207  |    0    |    18   |
|          |  icmp_ln49_fu_217  |    0    |    18   |
|          |  icmp_ln51_fu_222  |    0    |    18   |
|----------|--------------------|---------|---------|
|          |      y_fu_141      |    0    |    15   |
|    add   |      x_fu_190      |    0    |    14   |
|          |   add_ln58_fu_251  |    0    |    39   |
|          |   add_ln62_fu_275  |    0    |    39   |
|----------|--------------------|---------|---------|
|  select  | select_ln58_fu_243 |    0    |    2    |
|          | select_ln62_fu_267 |    0    |    2    |
|----------|--------------------|---------|---------|
|    and   |   and_ln33_fu_202  |    0    |    2    |
|----------|--------------------|---------|---------|
|    or    |   or_ln35_fu_212   |    0    |    2    |
|----------|--------------------|---------|---------|
|   write  |   grp_write_fu_70  |    0    |    0    |
|----------|--------------------|---------|---------|
|   zext   |  zext_ln30_fu_131  |    0    |    0    |
|          |  zext_ln31_fu_180  |    0    |    0    |
|----------|--------------------|---------|---------|
|   Total  |                    |    0    |   275   |
|----------|--------------------|---------|---------|

Memories:
N/A

* Register list:
+-------------------+--------+
|                   |   FF   |
+-------------------+--------+
|  and_ln33_reg_335 |    1   |
|  empty_3_reg_101  |   32   |
|  empty_4_reg_112  |   32   |
| icmp_ln33_reg_311 |    1   |
|icmp_ln35_1_reg_316|    1   |
| lineX_load_reg_287|   32   |
| lineY_load_reg_295|   32   |
|  or_ln35_reg_339  |    1   |
|     x_0_reg_90    |   10   |
|     x_reg_330     |   10   |
|     y_0_reg_79    |    9   |
|     y_reg_306     |    9   |
+-------------------+--------+
|       Total       |   170  |
+-------------------+--------+

* Multiplexer (MUX) list: 
|-----------------|------|------|------|--------||---------|
|       Comp      |  Pin | Size |  BW  | S x BW ||  Delay  |
|-----------------|------|------|------|--------||---------|
| grp_write_fu_70 |  p2  |   2  |   1  |    2   |
|-----------------|------|------|------|--------||---------|
|      Total      |      |      |      |    2   ||  1.769  |
|-----------------|------|------|------|--------||---------|



* Summary:
+-----------+--------+--------+--------+
|           |  Delay |   FF   |   LUT  |
+-----------+--------+--------+--------+
|  Function |    -   |    0   |   275  |
|   Memory  |    -   |    -   |    -   |
|Multiplexer|    1   |    -   |    -   |
|  Register |    -   |   170  |    -   |
+-----------+--------+--------+--------+
|   Total   |    1   |   170  |   275  |
+-----------+--------+--------+--------+
